Last model test run at: Mon Mar  9 08:35:48 UTC 2026
Last model test run at: Thu Mar 12 21:17:07 UTC 2026
